
[1m[46m RUN [49m[22m [36mv4.0.16 [39m[90mB:/github/angFin3[39m

[90mstdout[2m | src/app/pages/calculator/ui/calculator-page.component.spec.ts[2m > [22m[2mCalculatorPageComponent[2m > [22m[2mshould load config from ID signal input
[22m[39mDEBUG: Effect triggered. Config: [90mundefined[39m

node.exe : [90mstderr[2m | src/app/pages/
calculator/ui/calculator-page.component.spe
c.ts[2m > 
[22m[2mCalculatorPageComponent[2m > 
[22m[2mshould load config from ID signal 
input
At line:1 char:1
+ & "C:\Program Files\nodejs/node.exe" 
"C:\Users\vin2v\AppData\Roaming\ ...
+ ~~~~~~~~~~~~~~~~~~~~~~~~~~~~~~~~~~~~~~~~~
~~~~~~~~~~~~~~~~~~~~~~~~~~~~
    + CategoryInfo          : 
NotSpecified: ([    90mstderr[2m...ID 
signal input:String) [],     
RemoteException
    + FullyQualifiedErrorId : 
NativeCommandErro    r
 
[22m[39mNG0303: Can't set value of the 
'id' input on the 
'CalculatorPageComponent' component. Make 
sure that the 'id' property is declared as 
an input using the input() or model() 
function or the @Input() decorator.

 [32mÔ£ô[39m src/app/pages/calculator/ui/calculator-page.component.spec.ts[2m > [22mCalculatorPageComponent[2m > [22mshould create[33m 319[2mms[22m[39m
 [31m├ù[39m src/app/pages/calculator/ui/calculator-page.component.spec.ts[2m > [22mCalculatorPageComponent[2m > [22mshould load config from ID signal input[32m 70[2mms[22m[39m
[31m   ÔåÆ expected "vi.fn()" to be called with arguments: [ { id: 'test-calc', ÔÇª(8) } ][90m

Number of calls: [1m0[22m
[31m[39m

[31mÔÄ»ÔÄ»ÔÄ»ÔÄ»ÔÄ»ÔÄ»ÔÄ»[39m[1m[41m 
Failed Tests 1 
[49m[22m[31mÔÄ»ÔÄ»ÔÄ»ÔÄ»ÔÄ»ÔÄ»ÔÄ»[39m

[41m[1m FAIL [22m[49m src/app/pages/cal
culator/ui/calculator-page.component.spec.t
s[2m > [22mCalculatorPageComponent[2m > 
[22mshould load config from ID signal 
input
[31m[1mAssertionError[22m: expected 
"vi.fn()" to be called with arguments: [ { 
id: 'test-calc', ÔÇª(8) } ][90m

Number of calls: [1m0[22m
[31m[39m
[36m [2mÔØ»[22m src/app/pages/calculator
/ui/calculator-page.component.spec.ts:[2m6
2:39[22m[39m
    [90m 60| [39m
    [90m 61| [39m        [90m// Verify 
effect called service[39m
    [90m 62| [39m        [34mexpect[39m
(serviceMock[33m.[39msetActive)[33m.[39
m[34mtoHaveBeenCalledWith[39m(mockConfig)
[33m;[39m
    [90m   | [39m                        
              [31m^[39m
    [90m 63| [39m    })[33m;[39m
    [90m 64| [39m})[33m;[39m

[31m[2mÔÄ»ÔÄ»ÔÄ»ÔÄ»ÔÄ»ÔÄ»ÔÄ»ÔÄ»ÔÄ»ÔÄ»ÔÄ»Ô
Ä»ÔÄ»ÔÄ»ÔÄ»ÔÄ»ÔÄ»ÔÄ»ÔÄ»ÔÄ»ÔÄ»ÔÄ»ÔÄ»ÔÄ»[1/1]
ÔÄ»[22m[39m


[2m Test Files [22m [1m[31m1 failed[39m[22m[90m (1)[39m
[2m      Tests [22m [1m[31m1 failed[39m[22m[2m | [22m[1m[32m1 passed[39m[22m[90m (2)[39m
[2m   Start at [22m 21:57:04
[2m   Duration [22m 5.37s[2m (transform 816ms, setup 981ms, import 1.22s, tests 392ms, environment 2.14s)[22m

